cuda
Doing forward pass only...
test input: tensor([[[[0.0468, 0.6988, 0.8449,  ..., 0.7454, 0.5397, 0.0777],
          [0.1897, 0.5021, 0.8888,  ..., 0.4246, 0.0275, 0.9913],
          [0.0824, 0.5324, 0.5837,  ..., 0.1359, 0.4257, 0.6253],
          ...,
          [0.8342, 0.6922, 0.0943,  ..., 0.3148, 0.8298, 0.8011],
          [0.4443, 0.2987, 0.6755,  ..., 0.6346, 0.0286, 0.6501],
          [0.4041, 0.2698, 0.0766,  ..., 0.8918, 0.5598, 0.3869]],

         [[0.2114, 0.6517, 0.1001,  ..., 0.9673, 0.2162, 0.0189],
          [0.0416, 0.5808, 0.8978,  ..., 0.3248, 0.8325, 0.9682],
          [0.3803, 0.8097, 0.5296,  ..., 0.6110, 0.5477, 0.9872],
          ...,
          [0.8484, 0.7608, 0.2677,  ..., 0.0382, 0.8986, 0.3162],
          [0.2910, 0.0826, 0.5700,  ..., 0.7721, 0.1492, 0.0519],
          [0.8374, 0.6453, 0.1963,  ..., 0.5396, 0.6425, 0.7832]],

         [[0.9045, 0.4115, 0.9795,  ..., 0.8410, 0.8345, 0.3393],
          [0.9872, 0.7303, 0.2544,  ..., 0.6623, 0.5164, 0.9375],
          [0.0474, 0.5604, 0.0799,  ..., 0.2168, 0.7319, 0.3608],
          ...,
          [0.9310, 0.4508, 0.3890,  ..., 0.6550, 0.0713, 0.6417],
          [0.0566, 0.9865, 0.1238,  ..., 0.4461, 0.6095, 0.2872],
          [0.0742, 0.7065, 0.7807,  ..., 0.7351, 0.2512, 0.8557]]]],
       device='cuda:0')
Baseline model forward pass:
1: tensor([[[[-6.7842e-02, -2.3799e-01, -3.6651e-01,  ..., -1.9606e-01,
           -3.5658e-01, -4.0311e-01],
          [ 4.5892e-02,  1.8374e-01, -1.9833e-01,  ...,  8.4250e-02,
           -2.2240e-01, -1.8355e-01],
          [ 1.6677e-01, -8.5339e-02, -1.3026e-01,  ...,  1.6110e-01,
            4.3749e-03,  1.6548e-02],
          ...,
          [ 1.2104e-01,  1.1362e-01,  2.8419e-01,  ...,  6.9850e-02,
            1.5352e-01, -4.7106e-01],
          [ 1.2219e-01, -6.5667e-02,  4.8665e-01,  ...,  1.4032e-01,
           -8.7034e-02, -1.6402e-01],
          [-7.3326e-02,  1.3979e-02,  3.0318e-01,  ...,  2.0181e-01,
           -3.1647e-02,  1.0223e-01]],

         [[ 2.5284e-02,  8.0280e-04, -1.7471e-01,  ..., -9.8158e-02,
           -1.0602e-01, -1.3944e-01],
          [-2.3172e-01, -2.3754e-01, -9.2187e-02,  ..., -6.7823e-02,
           -1.3645e-01, -1.6518e-01],
          [-9.0286e-02, -2.1033e-01, -2.5600e-01,  ..., -4.0435e-02,
           -1.6284e-01, -1.7934e-01],
          ...,
          [ 2.2557e-01, -1.4135e-01, -2.4513e-01,  ..., -3.1637e-01,
           -1.0627e-01, -2.8161e-01],
          [ 3.3353e-01,  3.8246e-02,  1.2581e-01,  ..., -2.1485e-02,
           -2.9416e-02, -1.5933e-02],
          [ 3.2820e-01, -7.5540e-02,  1.3881e-02,  ..., -1.9893e-01,
           -1.2399e-02, -2.0470e-01]],

         [[ 1.4378e-01,  8.6435e-02, -6.1027e-02,  ...,  3.5009e-01,
            4.3517e-01,  1.6004e-01],
          [ 1.3672e-01,  3.3211e-01,  6.8492e-01,  ...,  5.4632e-01,
            2.0682e-01,  6.2709e-02],
          [ 4.1837e-03,  7.1983e-02,  1.8233e-01,  ...,  2.2511e-01,
            3.1427e-01, -2.3479e-02],
          ...,
          [ 1.6799e-01,  1.7492e-01, -1.5432e-01,  ...,  3.2286e-01,
            6.9363e-02,  6.0166e-03],
          [-5.8024e-02,  1.6054e-01,  8.4569e-02,  ...,  6.1206e-02,
           -4.4168e-02, -2.8693e-01],
          [-1.7338e-01, -2.3984e-01, -1.8192e-01,  ...,  1.8143e-02,
           -1.0588e-01, -8.8784e-02]],

         ...,

         [[ 1.1435e-01,  3.0085e-01,  7.8551e-02,  ..., -1.3382e-01,
           -1.2629e-01,  8.3102e-02],
          [-2.5483e-01,  5.1660e-02,  8.2170e-03,  ..., -2.1655e-01,
           -2.7797e-01,  1.7517e-01],
          [-1.0415e-01,  2.2296e-01, -1.7094e-01,  ..., -5.1924e-01,
           -4.1741e-01,  7.5086e-02],
          ...,
          [ 4.0946e-02,  3.6020e-01, -1.0906e-01,  ..., -1.2020e-01,
           -4.7851e-01,  2.6231e-01],
          [ 2.8368e-02, -1.6577e-01, -3.4287e-01,  ...,  5.3094e-02,
           -2.1404e-01,  2.3563e-02],
          [-2.0772e-02,  2.9118e-02, -8.8116e-02,  ..., -2.8086e-01,
            5.0971e-02,  3.4531e-02]],

         [[ 2.6037e-01,  3.8276e-02,  2.6814e-01,  ...,  4.6941e-01,
            1.4784e-01,  2.8044e-01],
          [ 1.5624e-01,  1.6676e-01,  7.2590e-01,  ...,  7.5407e-01,
            5.4856e-01,  1.6441e-01],
          [ 3.1995e-01,  6.3771e-01,  1.0309e+00,  ...,  8.1040e-01,
            5.4365e-01,  5.6508e-01],
          ...,
          [ 4.8506e-01,  5.3510e-01,  7.6738e-01,  ...,  1.1159e+00,
            3.6014e-01,  4.9736e-01],
          [ 4.0134e-01,  2.5666e-01,  5.1482e-01,  ...,  4.1515e-01,
            4.7738e-01,  5.3528e-01],
          [ 2.2217e-01,  2.1975e-01,  3.7586e-01,  ...,  5.0598e-01,
            3.7085e-01,  3.8004e-01]],

         [[-5.0772e-02, -1.4995e-01, -1.6538e-01,  ...,  3.0234e-02,
            1.6812e-01, -7.4265e-02],
          [ 1.3332e-01,  9.7344e-02,  6.3907e-01,  ...,  2.2743e-01,
           -6.9254e-02,  1.6472e-01],
          [-2.3642e-02,  1.5447e-01,  1.0101e-01,  ...,  1.1216e-01,
            3.7782e-01,  1.8482e-01],
          ...,
          [ 2.5583e-01,  1.1164e-01,  3.8733e-01,  ...,  1.7992e-01,
            4.9734e-01,  3.2119e-01],
          [ 6.7469e-02, -1.2729e-01,  4.7544e-01,  ...,  2.3155e-01,
            2.5042e-01,  3.3785e-01],
          [ 8.7438e-02, -7.4957e-02,  1.8888e-01,  ...,  3.6997e-01,
            3.6220e-01,  2.0665e-01]]]], device='cuda:0',
       grad_fn=<ConvolutionBackward0>)
2: tensor([[[[0.0000, 0.0000, 0.0000,  ..., 0.0000, 0.0000, 0.0000],
          [0.5353, 1.3155, 0.0000,  ..., 0.7524, 0.0000, 0.0000],
          [1.2195, 0.0000, 0.0000,  ..., 1.1873, 0.3003, 0.3692],
          ...,
          [0.9606, 0.9186, 1.8840,  ..., 0.6709, 1.1444, 0.0000],
          [0.9671, 0.0000, 3.0300,  ..., 1.0697, 0.0000, 0.0000],
          [0.0000, 0.3546, 1.9915,  ..., 1.4178, 0.0964, 0.8541]],

         [[1.0750, 0.9285, 0.0000,  ..., 0.3362, 0.2891, 0.0891],
          [0.0000, 0.0000, 0.3719,  ..., 0.5177, 0.1069, 0.0000],
          [0.3833, 0.0000, 0.0000,  ..., 0.6817, 0.0000, 0.0000],
          ...,
          [2.2738, 0.0776, 0.0000,  ..., 0.0000, 0.2876, 0.0000],
          [2.9200, 1.1526, 1.6767,  ..., 0.7951, 0.7476, 0.8283],
          [2.8882, 0.4715, 1.0068,  ..., 0.0000, 0.8495, 0.0000]],

         [[0.0000, 0.0000, 0.0000,  ..., 0.6759, 1.0923, 0.0000],
          [0.0000, 0.5879, 2.3148,  ..., 1.6364, 0.0000, 0.0000],
          [0.0000, 0.0000, 0.0000,  ..., 0.0642, 0.5006, 0.0000],
          ...,
          [0.0000, 0.0000, 0.0000,  ..., 0.5426, 0.0000, 0.0000],
          [0.0000, 0.0000, 0.0000,  ..., 0.0000, 0.0000, 0.0000],
          [0.0000, 0.0000, 0.0000,  ..., 0.0000, 0.0000, 0.0000]],

         ...,

         [[0.9360, 1.9451, 0.7423,  ..., 0.0000, 0.0000, 0.7669],
          [0.0000, 0.5968, 0.3617,  ..., 0.0000, 0.0000, 1.2651],
          [0.0000, 1.5236, 0.0000,  ..., 0.0000, 0.0000, 0.7235],
          ...,
          [0.5388, 2.2662, 0.0000,  ..., 0.0000, 0.0000, 1.7366],
          [0.4708, 0.0000, 0.0000,  ..., 0.6046, 0.0000, 0.4448],
          [0.2049, 0.4748, 0.0000,  ..., 0.0000, 0.5931, 0.5041]],

         [[0.0000, 0.0000, 0.0000,  ..., 0.0000, 0.0000, 0.0000],
          [0.0000, 0.0000, 0.3849,  ..., 0.5042, 0.0000, 0.0000],
          [0.0000, 0.0114, 1.6766,  ..., 0.7428, 0.0000, 0.0000],
          ...,
          [0.0000, 0.0000, 0.5606,  ..., 2.0366, 0.0000, 0.0000],
          [0.0000, 0.0000, 0.0000,  ..., 0.0000, 0.0000, 0.0000],
          [0.0000, 0.0000, 0.0000,  ..., 0.0000, 0.0000, 0.0000]],

         [[0.0000, 0.0000, 0.0000,  ..., 0.0000, 0.0000, 0.0000],
          [0.0000, 0.0000, 2.3123,  ..., 0.0000, 0.0000, 0.0000],
          [0.0000, 0.0000, 0.0000,  ..., 0.0000, 0.7888, 0.0000],
          ...,
          [0.0774, 0.0000, 0.8443,  ..., 0.0000, 1.4858, 0.4586],
          [0.0000, 0.0000, 1.3581,  ..., 0.0000, 0.0459, 0.5557],
          [0.0000, 0.0000, 0.0000,  ..., 0.7430, 0.6977, 0.0000]]]],
       device='cuda:0', grad_fn=<ReluBackward0>)
3: tensor([[[[-6.0769e-01, -4.7288e-01, -2.6513e-01,  ..., -1.2468e-01,
           -3.1959e-01, -2.1318e-01],
          [-7.3151e-01, -5.9857e-01, -8.8053e-01,  ..., -4.4688e-01,
           -5.7197e-01, -8.8197e-01],
          [-2.7562e-01, -5.1568e-01, -2.0163e-01,  ..., -5.7932e-01,
           -9.0759e-01, -4.4934e-03],
          ...,
          [-9.1935e-02, -4.1799e-01, -3.0901e-01,  ..., -3.2314e-01,
           -6.7763e-01, -2.8555e-01],
          [-4.0142e-01, -6.9438e-04,  4.2330e-01,  ...,  2.5349e-01,
           -6.2406e-01,  9.0908e-02],
          [-7.0312e-01, -6.1895e-02, -5.7818e-01,  ..., -2.4567e-01,
           -5.8921e-01,  3.9621e-01]],

         [[ 3.5410e-01, -1.4986e-01, -7.0101e-01,  ..., -1.5577e-01,
           -1.9731e-01, -9.5215e-02],
          [-4.7909e-01, -3.5271e-01, -5.3123e-01,  ..., -5.9879e-02,
           -1.0146e-01, -5.8226e-01],
          [-5.0061e-01,  4.0174e-02, -2.1081e-01,  ..., -3.9362e-02,
           -1.4720e-01,  4.3047e-02],
          ...,
          [-2.9738e-01,  9.2625e-02, -2.9044e-01,  ..., -2.1131e-01,
           -3.6294e-01, -1.2280e-01],
          [-8.5507e-01, -3.0997e-01, -2.3891e-01,  ..., -3.2304e-01,
           -3.7989e-01, -1.9560e-01],
          [ 1.8935e-01,  4.5116e-01,  1.9490e-01,  ..., -1.6498e-01,
           -1.0986e-01, -1.1397e-01]],

         [[ 1.1004e-01, -3.6244e-02,  1.0676e-01,  ..., -1.0324e-01,
            7.5577e-02,  1.0153e-04],
          [-1.7941e-01,  1.6344e-01,  1.4620e-01,  ..., -1.1695e-02,
           -1.4473e-01, -1.4358e-01],
          [ 4.8872e-01,  2.7815e-01,  1.4859e-01,  ..., -1.8778e-01,
            3.1061e-03, -4.1022e-01],
          ...,
          [-5.1748e-01, -7.0999e-02,  1.5161e-01,  ..., -3.5846e-01,
            3.7944e-02, -5.0539e-01],
          [-5.4548e-01, -2.2056e-01, -3.8087e-01,  ..., -6.6664e-01,
            6.1179e-03,  3.0266e-01],
          [-2.1792e-01, -4.3553e-01, -3.7979e-01,  ..., -2.4355e-01,
            1.9703e-01,  1.3056e-01]],

         ...,

         [[ 2.4316e-01,  6.4525e-03,  2.4093e-02,  ...,  2.3494e-01,
           -1.5669e-01,  2.7842e-01],
          [-3.0819e-01,  1.6501e-01,  8.6291e-01,  ...,  4.7093e-01,
            2.4292e-01,  3.0509e-01],
          [-4.6539e-02,  2.8183e-01,  8.4336e-02,  ...,  2.6247e-01,
            8.3017e-01,  5.7589e-01],
          ...,
          [ 1.3019e-01,  1.5507e-01,  3.0359e-01,  ...,  2.8857e-01,
            5.4660e-01,  5.0967e-02],
          [ 2.7682e-01, -2.1456e-01,  2.1039e-01,  ...,  7.5826e-01,
            7.9992e-01,  4.8710e-01],
          [ 4.0276e-01,  4.0490e-01,  6.5853e-01,  ...,  5.3894e-01,
            1.6749e-01,  2.3701e-01]],

         [[-2.0987e-01,  1.8404e-01,  1.2991e-01,  ..., -2.4693e-01,
           -3.6831e-01,  1.8400e-01],
          [-1.1350e-01, -4.9072e-01, -3.8480e-02,  ..., -2.7565e-01,
           -7.4416e-01, -4.0171e-01],
          [ 9.4801e-01, -6.9700e-02, -4.4940e-01,  ...,  1.4369e-01,
           -1.2113e-01, -1.6394e-01],
          ...,
          [ 4.5446e-01,  2.4674e-01,  1.7875e-01,  ..., -3.5416e-01,
           -1.9234e-01,  5.9279e-02],
          [ 1.4255e-01,  4.2406e-04, -1.8509e-01,  ..., -1.6216e-01,
           -3.5837e-01,  2.2876e-01],
          [ 3.9094e-02,  1.3158e-01,  9.3129e-02,  ..., -4.9058e-01,
            1.6490e-01, -3.2721e-01]],

         [[-3.3410e-01, -4.4854e-01, -1.0253e-02,  ..., -1.2833e+00,
           -5.0686e-01, -6.8748e-01],
          [-8.1968e-01, -2.2153e-01,  1.0906e-01,  ..., -7.7879e-01,
            1.7070e-01, -5.0603e-01],
          [-4.2359e-01, -3.2700e-01, -2.0470e-01,  ..., -2.9889e-01,
           -6.2550e-01, -2.3305e-01],
          ...,
          [-6.0926e-01, -7.7088e-01, -7.8265e-01,  ..., -6.6597e-01,
           -5.7492e-02, -2.8807e-01],
          [-6.3318e-01, -3.1656e-01, -3.6794e-01,  ...,  6.5673e-02,
           -5.6231e-02, -4.8076e-01],
          [-2.2064e-01, -3.7958e-01, -9.5960e-02,  ..., -2.6923e-01,
           -5.8258e-01, -3.8224e-01]]]], device='cuda:0',
       grad_fn=<ConvolutionBackward0>)
4: tensor([[[[0.0000, 0.0000, 0.2539,  ..., 0.7135, 0.0757, 0.4239],
          [0.0000, 0.0000, 0.0000,  ..., 0.0000, 0.0000, 0.0000],
          [0.2196, 0.0000, 0.4617,  ..., 0.0000, 0.0000, 1.1069],
          ...,
          [0.8207, 0.0000, 0.1103,  ..., 0.0640, 0.0000, 0.1871],
          [0.0000, 1.1193, 2.5069,  ..., 1.9512, 0.0000, 1.4191],
          [0.0000, 0.9190, 0.0000,  ..., 0.3176, 0.0000, 2.4182]],

         [[1.8629, 0.2428, 0.0000,  ..., 0.2237, 0.0902, 0.4184],
          [0.0000, 0.0000, 0.0000,  ..., 0.5320, 0.3984, 0.0000],
          [0.0000, 0.8537, 0.0468,  ..., 0.5980, 0.2513, 0.8629],
          ...,
          [0.0000, 1.0223, 0.0000,  ..., 0.0452, 0.0000, 0.3297],
          [0.0000, 0.0000, 0.0000,  ..., 0.0000, 0.0000, 0.0957],
          [1.3333, 2.1750, 1.3511,  ..., 0.1941, 0.3713, 0.3581]],

         [[0.4904, 0.0047, 0.4795,  ..., 0.0000, 0.3760, 0.1254],
          [0.0000, 0.6677, 0.6105,  ..., 0.0862, 0.0000, 0.0000],
          [1.7477, 1.0486, 0.6184,  ..., 0.0000, 0.1354, 0.0000],
          ...,
          [0.0000, 0.0000, 0.6284,  ..., 0.0000, 0.2510, 0.0000],
          [0.0000, 0.0000, 0.0000,  ..., 0.0000, 0.1454, 1.1299],
          [0.0000, 0.0000, 0.0000,  ..., 0.0000, 0.7792, 0.5585]],

         ...,

         [[0.0000, 0.0000, 0.0000,  ..., 0.0000, 0.0000, 0.0000],
          [0.0000, 0.0000, 1.7830,  ..., 0.5231, 0.0000, 0.0000],
          [0.0000, 0.0000, 0.0000,  ..., 0.0000, 1.6778, 0.8604],
          ...,
          [0.0000, 0.0000, 0.0000,  ..., 0.0000, 0.7663, 0.0000],
          [0.0000, 0.0000, 0.0000,  ..., 1.4466, 1.5805, 0.5750],
          [0.3039, 0.3108, 1.1261,  ..., 0.7417, 0.0000, 0.0000]],

         [[0.0000, 0.7277, 0.5734,  ..., 0.0000, 0.0000, 0.7276],
          [0.0000, 0.0000, 0.0936,  ..., 0.0000, 0.0000, 0.0000],
          [2.9046, 0.0047, 0.0000,  ..., 0.6127, 0.0000, 0.0000],
          ...,
          [1.4982, 0.9064, 0.7126,  ..., 0.0000, 0.0000, 0.3722],
          [0.6095, 0.2045, 0.0000,  ..., 0.0000, 0.0000, 0.8551],
          [0.3147, 0.5782, 0.4686,  ..., 0.0000, 0.6731, 0.0000]],

         [[0.0264, 0.0000, 1.0503,  ..., 0.0000, 0.0000, 0.0000],
          [0.0000, 0.3823, 1.4275,  ..., 0.0000, 1.6224, 0.0000],
          [0.0000, 0.0489, 0.4355,  ..., 0.1377, 0.0000, 0.3459],
          ...,
          [0.0000, 0.0000, 0.0000,  ..., 0.0000, 0.9009, 0.1719],
          [0.0000, 0.0819, 0.0000,  ..., 1.2903, 0.9049, 0.0000],
          [0.3851, 0.0000, 0.7793,  ..., 0.2315, 0.0000, 0.0000]]]],
       device='cuda:0', grad_fn=<ReluBackward0>)
5: tensor([[[[ 0.9424,  0.7066,  1.0920,  ...,  1.2245,  1.4321,  0.0151],
          [ 0.7776,  0.0308,  1.0842,  ...,  0.2791,  0.0864,  0.1194],
          [ 1.0808,  0.4752,  0.8933,  ...,  0.8988,  0.3809,  0.5522],
          ...,
          [ 0.6811,  0.1845,  0.1475,  ...,  0.8041,  1.3924,  0.4277],
          [ 0.4296,  0.9966,  0.6980,  ...,  1.0175,  0.1487,  0.3544],
          [ 0.2965,  0.1818,  0.5594,  ...,  0.2515,  0.9444, -0.0106]],

         [[ 0.1809, -0.2731,  0.2565,  ...,  0.5519, -0.2914, -0.2072],
          [-1.2198, -0.0639,  0.4693,  ...,  0.4830, -0.2759,  0.0967],
          [-0.5195,  0.1482, -0.7117,  ..., -0.1224, -0.1745, -0.3154],
          ...,
          [ 0.0760, -0.0195, -0.0572,  ...,  0.1913, -0.1342,  0.1442],
          [-0.2963, -0.1765,  0.0266,  ..., -0.0961,  0.3214,  0.5352],
          [-0.1420,  0.0178,  0.2565,  ..., -0.1852, -0.0178,  0.4011]],

         [[-0.0833, -0.5347, -0.0279,  ..., -0.3394,  0.0198, -0.2502],
          [ 0.0808, -0.0847, -0.1561,  ...,  0.4343,  0.3053,  0.0812],
          [ 0.1302,  0.8505, -0.0738,  ..., -0.2461, -0.7498,  0.1315],
          ...,
          [-0.0127,  0.0046, -0.4507,  ...,  0.3788, -0.6691, -0.4187],
          [-0.0542, -0.2777, -0.4159,  ...,  0.2807, -0.0895,  0.0073],
          [ 0.0584, -0.5580,  0.2236,  ...,  0.2361,  0.4341, -0.2535]],

         ...,

         [[ 0.0349,  0.3565,  0.4519,  ...,  0.5213,  0.5766,  0.5856],
          [ 0.8425,  0.1785,  0.2020,  ..., -0.4645,  0.2016,  0.3576],
          [ 0.4328,  0.8472,  0.1991,  ..., -0.1582,  0.5243,  0.1510],
          ...,
          [ 0.8564,  0.5130,  0.3170,  ...,  0.3922,  0.3827,  0.5008],
          [ 0.3710,  0.7369,  0.4120,  ...,  0.2654,  0.9888,  0.5332],
          [ 0.5398,  0.2745,  0.1405,  ...,  0.3080,  0.4063,  0.3267]],

         [[-0.1287,  0.4220,  0.3574,  ...,  0.2287, -0.3926,  0.0933],
          [ 0.7380, -0.0748, -0.0545,  ...,  0.1517,  0.3903,  0.4095],
          [-0.0148,  0.0951, -0.4881,  ..., -0.1270, -0.5963,  0.1097],
          ...,
          [ 0.0792,  0.1006,  0.4815,  ...,  0.2882,  0.2294, -0.1628],
          [-0.1131, -0.1313, -0.2936,  ...,  0.1661,  0.2982,  0.2005],
          [-0.2478, -0.0581,  0.0820,  ...,  0.2720,  0.1665,  0.2367]],

         [[-0.3782,  0.2233, -0.1052,  ..., -0.5044, -0.2772, -0.8464],
          [-0.6743, -0.6171, -0.4121,  ..., -0.2789, -0.6007,  0.0446],
          [-0.6161, -0.7332, -0.3816,  ...,  0.2045, -0.1230, -0.0389],
          ...,
          [-0.6755, -0.3772, -1.0611,  ...,  0.1584, -0.0207,  0.2221],
          [ 0.0044, -0.7679,  0.0904,  ...,  0.1835,  0.1426,  0.1515],
          [-0.1864, -0.3913, -0.0116,  ..., -0.2827,  0.2268, -0.4847]]]],
       device='cuda:0', grad_fn=<ConvolutionBackward0>)
6: tensor([[[[1.0143e+00, 4.2934e-01, 1.3855e+00,  ..., 1.7141e+00,
           2.2294e+00, 0.0000e+00],
          [6.0527e-01, 0.0000e+00, 1.3660e+00,  ..., 0.0000e+00,
           0.0000e+00, 0.0000e+00],
          [1.3578e+00, 0.0000e+00, 8.9234e-01,  ..., 9.0619e-01,
           0.0000e+00, 4.6160e-02],
          ...,
          [3.6591e-01, 0.0000e+00, 0.0000e+00,  ..., 6.7120e-01,
           2.1306e+00, 0.0000e+00],
          [0.0000e+00, 1.1487e+00, 4.0785e-01,  ..., 1.2006e+00,
           0.0000e+00, 0.0000e+00],
          [0.0000e+00, 0.0000e+00, 6.4103e-02,  ..., 0.0000e+00,
           1.0192e+00, 0.0000e+00]],

         [[5.8311e-01, 0.0000e+00, 8.2499e-01,  ..., 1.7700e+00,
           0.0000e+00, 0.0000e+00],
          [0.0000e+00, 0.0000e+00, 1.5059e+00,  ..., 1.5495e+00,
           0.0000e+00, 3.1366e-01],
          [0.0000e+00, 4.7847e-01, 0.0000e+00,  ..., 0.0000e+00,
           0.0000e+00, 0.0000e+00],
          ...,
          [2.4728e-01, 0.0000e+00, 0.0000e+00,  ..., 6.1612e-01,
           0.0000e+00, 4.6542e-01],
          [0.0000e+00, 0.0000e+00, 8.9172e-02,  ..., 0.0000e+00,
           1.0326e+00, 1.7165e+00],
          [0.0000e+00, 6.1197e-02, 8.2474e-01,  ..., 0.0000e+00,
           0.0000e+00, 1.2875e+00]],

         [[0.0000e+00, 0.0000e+00, 5.3000e-02,  ..., 0.0000e+00,
           2.0061e-01, 0.0000e+00],
          [3.8950e-01, 0.0000e+00, 0.0000e+00,  ..., 1.4836e+00,
           1.0845e+00, 3.9055e-01],
          [5.4229e-01, 2.7721e+00, 0.0000e+00,  ..., 0.0000e+00,
           0.0000e+00, 5.4646e-01],
          ...,
          [9.9880e-02, 1.5362e-01, 0.0000e+00,  ..., 1.3118e+00,
           0.0000e+00, 0.0000e+00],
          [0.0000e+00, 0.0000e+00, 0.0000e+00,  ..., 1.0083e+00,
           0.0000e+00, 1.6176e-01],
          [3.2004e-01, 0.0000e+00, 8.3136e-01,  ..., 8.6998e-01,
           1.4832e+00, 0.0000e+00]],

         ...,

         [[0.0000e+00, 0.0000e+00, 6.2271e-02,  ..., 2.8826e-01,
           4.6834e-01, 4.9762e-01],
          [1.3340e+00, 0.0000e+00, 0.0000e+00,  ..., 0.0000e+00,
           0.0000e+00, 0.0000e+00],
          [2.2263e-04, 1.3496e+00, 0.0000e+00,  ..., 0.0000e+00,
           2.9813e-01, 0.0000e+00],
          ...,
          [1.3794e+00, 2.6126e-01, 0.0000e+00,  ..., 0.0000e+00,
           0.0000e+00, 2.2149e-01],
          [0.0000e+00, 9.9023e-01, 0.0000e+00,  ..., 0.0000e+00,
           1.8106e+00, 3.2686e-01],
          [3.4836e-01, 0.0000e+00, 0.0000e+00,  ..., 0.0000e+00,
           0.0000e+00, 0.0000e+00]],

         [[0.0000e+00, 1.0894e+00, 8.6768e-01,  ..., 4.2518e-01,
           0.0000e+00, 0.0000e+00],
          [2.1753e+00, 0.0000e+00, 0.0000e+00,  ..., 1.6066e-01,
           9.8056e-01, 1.0466e+00],
          [0.0000e+00, 0.0000e+00, 0.0000e+00,  ..., 0.0000e+00,
           0.0000e+00, 1.6487e-02],
          ...,
          [0.0000e+00, 0.0000e+00, 1.2939e+00,  ..., 6.2975e-01,
           4.2776e-01, 0.0000e+00],
          [0.0000e+00, 0.0000e+00, 0.0000e+00,  ..., 2.1023e-01,
           6.6419e-01, 3.2822e-01],
          [0.0000e+00, 0.0000e+00, 0.0000e+00,  ..., 5.7391e-01,
           2.1144e-01, 4.5266e-01]],

         [[0.0000e+00, 1.5507e+00, 5.4007e-01,  ..., 0.0000e+00,
           1.0769e-02, 0.0000e+00],
          [0.0000e+00, 0.0000e+00, 0.0000e+00,  ..., 5.6835e-03,
           0.0000e+00, 1.0009e+00],
          [0.0000e+00, 0.0000e+00, 0.0000e+00,  ..., 1.4927e+00,
           4.8534e-01, 7.4400e-01],
          ...,
          [0.0000e+00, 0.0000e+00, 0.0000e+00,  ..., 1.3510e+00,
           7.9995e-01, 1.5468e+00],
          [8.7722e-01, 0.0000e+00, 1.1417e+00,  ..., 1.4283e+00,
           1.3024e+00, 1.3298e+00],
          [2.9003e-01, 0.0000e+00, 8.2804e-01,  ..., 0.0000e+00,
           1.5615e+00, 0.0000e+00]]]], device='cuda:0',
       grad_fn=<ReluBackward0>)
torch.Size([1, 50176])
7: tensor([[1.2133, 0.0000, 0.0000,  ..., 0.1719, 0.0000, 0.0000]],
       device='cuda:0', grad_fn=<ReluBackward0>)
8: tensor([[0.1243, 0.2622, 0.0000,  ..., 0.0000, 0.0045, 0.1789]],
       device='cuda:0', grad_fn=<ReluBackward0>)
9: tensor([[-0.0447, -0.1184,  0.0395,  0.0948,  0.0893, -0.0620, -0.1060, -0.0173,
          0.0455,  0.0862,  0.0128, -0.0438,  0.1369, -0.0698, -0.1123, -0.0175,
         -0.0439,  0.0930, -0.0106, -0.1379, -0.0291, -0.0241, -0.0031,  0.0445,
          0.0560, -0.0413, -0.1212, -0.0548, -0.0125,  0.1186, -0.0187,  0.0467,
          0.0630, -0.0301,  0.1360,  0.0625, -0.0051,  0.1275,  0.0648,  0.0809,
          0.0972,  0.1063,  0.0227, -0.0190,  0.0827, -0.0905,  0.0044,  0.1072,
          0.0193,  0.0609,  0.0873,  0.0218,  0.0222, -0.0076,  0.0562, -0.0985,
          0.0356,  0.0388,  0.0756,  0.0328,  0.0075,  0.0971,  0.0308, -0.0008,
          0.0427,  0.0934,  0.0565,  0.0158,  0.0389, -0.0096, -0.0514, -0.0162,
          0.0489, -0.0874,  0.0130,  0.1413,  0.0684,  0.0565,  0.1005,  0.0603,
          0.0936,  0.2011, -0.0455, -0.0395, -0.0549,  0.0478, -0.0311, -0.0069,
          0.1049, -0.0427, -0.0662, -0.0096,  0.0961, -0.0584,  0.0732,  0.0384,
          0.0557,  0.0371, -0.1275, -0.0141]], device='cuda:0',
       grad_fn=<AddmmBackward0>)
Total time taken: 0.32456159591674805 seconds.
tensor([[-0.0447, -0.1184,  0.0395,  0.0948,  0.0893, -0.0620, -0.1060, -0.0173,
          0.0455,  0.0862,  0.0128, -0.0438,  0.1369, -0.0698, -0.1123, -0.0175,
         -0.0439,  0.0930, -0.0106, -0.1379, -0.0291, -0.0241, -0.0031,  0.0445,
          0.0560, -0.0413, -0.1212, -0.0548, -0.0125,  0.1186, -0.0187,  0.0467,
          0.0630, -0.0301,  0.1360,  0.0625, -0.0051,  0.1275,  0.0648,  0.0809,
          0.0972,  0.1063,  0.0227, -0.0190,  0.0827, -0.0905,  0.0044,  0.1072,
          0.0193,  0.0609,  0.0873,  0.0218,  0.0222, -0.0076,  0.0562, -0.0985,
          0.0356,  0.0388,  0.0756,  0.0328,  0.0075,  0.0971,  0.0308, -0.0008,
          0.0427,  0.0934,  0.0565,  0.0158,  0.0389, -0.0096, -0.0514, -0.0162,
          0.0489, -0.0874,  0.0130,  0.1413,  0.0684,  0.0565,  0.1005,  0.0603,
          0.0936,  0.2011, -0.0455, -0.0395, -0.0549,  0.0478, -0.0311, -0.0069,
          0.1049, -0.0427, -0.0662, -0.0096,  0.0961, -0.0584,  0.0732,  0.0384,
          0.0557,  0.0371, -0.1275, -0.0141]], device='cuda:0',
       grad_fn=<AddmmBackward0>)
Quantized model forward pass:
1: tensor([[[[11.4141, 18.0625, 22.5547,  ..., 25.1250, 20.5156, 13.6797],
          [18.0547, 26.0312, 34.8828,  ..., 35.8125, 28.0000, 19.1875],
          [22.7031, 34.0859, 44.0625,  ..., 45.1016, 35.0000, 22.8594],
          ...,
          [22.6328, 36.2266, 45.5625,  ..., 45.8359, 36.2422, 22.7422],
          [17.5781, 28.8281, 35.5938,  ..., 35.9062, 27.2734, 19.5859],
          [10.7031, 16.8906, 20.3203,  ..., 21.1875, 18.0547, 13.0156]],

         [[12.5156, 18.1562, 22.9375,  ..., 27.2734, 19.8047, 13.2031],
          [18.8984, 28.0234, 34.7891,  ..., 38.7734, 28.3516, 18.1953],
          [26.7266, 37.3516, 48.1953,  ..., 48.5625, 35.9766, 21.6953],
          ...,
          [25.6719, 36.6719, 49.0078,  ..., 47.7578, 38.1953, 23.0859],
          [19.7500, 29.5938, 36.8516,  ..., 35.9141, 29.9531, 18.0078],
          [11.3438, 18.0703, 24.2578,  ..., 25.5703, 19.6328, 13.0234]],

         [[13.2188, 20.6250, 25.3047,  ..., 27.7969, 21.8906, 15.0938],
          [18.8672, 27.6953, 35.5625,  ..., 41.4141, 31.2188, 20.2734],
          [23.8438, 37.8203, 49.4844,  ..., 51.9531, 38.1172, 25.3984],
          ...,
          [25.3359, 40.6250, 49.6484,  ..., 51.1328, 41.5234, 26.6250],
          [18.5547, 29.5781, 36.6562,  ..., 37.1875, 31.8203, 20.2656],
          [11.0938, 18.1328, 24.3516,  ..., 24.0156, 18.9062, 13.3438]],

         ...,

         [[11.7109, 17.2969, 22.5625,  ..., 25.6172, 18.8750, 14.1719],
          [17.9219, 26.6250, 35.4141,  ..., 37.7500, 28.1875, 20.0312],
          [23.4766, 36.0859, 47.6094,  ..., 49.0078, 35.2812, 25.9453],
          ...,
          [22.0391, 38.4688, 49.3281,  ..., 49.5391, 37.0469, 27.7578],
          [15.6797, 27.2266, 37.6562,  ..., 35.2891, 30.3984, 23.1562],
          [10.2109, 18.9922, 24.3359,  ..., 24.9609, 21.3516, 16.3125]],

         [[14.0859, 18.7031, 24.7344,  ..., 27.9844, 20.2344, 14.0000],
          [20.0625, 28.0781, 36.8984,  ..., 41.0469, 28.9219, 19.4453],
          [26.5703, 38.6016, 49.2656,  ..., 50.2969, 35.9453, 24.1953],
          ...,
          [28.0156, 40.9844, 48.6953,  ..., 51.0703, 37.4688, 25.9844],
          [19.8594, 29.7266, 36.7734,  ..., 36.2891, 27.6094, 20.2969],
          [11.7109, 19.5625, 23.7812,  ..., 24.0000, 19.6094, 14.0234]],

         [[12.4062, 16.9219, 22.1406,  ..., 25.3906, 19.8359, 11.6484],
          [18.8906, 24.3047, 31.4453,  ..., 35.1016, 26.5703, 18.4375],
          [23.6719, 34.8906, 43.5078,  ..., 44.7031, 30.7109, 21.0391],
          ...,
          [25.3125, 35.8750, 46.2656,  ..., 45.0938, 35.5703, 22.3672],
          [18.8438, 27.7969, 34.3984,  ..., 32.8828, 25.2812, 17.7031],
          [11.2500, 17.1328, 20.5703,  ..., 21.0859, 17.0938, 12.5625]]]],
       device='cuda:0', dtype=torch.float64, grad_fn=<Conv2dQBackward>)
2: tensor([[[[0.0000, 0.0000, 0.0000,  ..., 0.0000, 0.0000, 0.0000],
          [0.0000, 0.0000, 0.0859,  ..., 0.1406, 0.0000, 0.0000],
          [0.0000, 0.0234, 0.7266,  ..., 0.8125, 0.0859, 0.0000],
          ...,
          [0.0000, 0.1719, 0.8359,  ..., 0.8594, 0.1719, 0.0000],
          [0.0000, 0.0000, 0.1328,  ..., 0.1562, 0.0000, 0.0000],
          [0.0000, 0.0000, 0.0000,  ..., 0.0000, 0.0000, 0.0000]],

         [[0.2578, 0.3047, 0.3516,  ..., 0.3906, 0.3203, 0.2734],
          [0.3203, 0.3984, 0.4531,  ..., 0.4922, 0.3984, 0.3047],
          [0.3828, 0.4844, 0.5703,  ..., 0.5781, 0.4688, 0.3438],
          ...,
          [0.3750, 0.4688, 0.5859,  ..., 0.5703, 0.4922, 0.3594],
          [0.3281, 0.4141, 0.4766,  ..., 0.4688, 0.4141, 0.3047],
          [0.2500, 0.3047, 0.3672,  ..., 0.3750, 0.3281, 0.2656]],

         [[0.0000, 0.1797, 0.3359,  ..., 0.4141, 0.2266, 0.0078],
          [0.1250, 0.4062, 0.6484,  ..., 0.8438, 0.5156, 0.1719],
          [0.2891, 0.7266, 1.0859,  ..., 1.1719, 0.7344, 0.3281],
          ...,
          [0.3359, 0.8125, 1.1016,  ..., 1.1484, 0.8438, 0.3750],
          [0.1250, 0.4688, 0.6875,  ..., 0.7109, 0.5391, 0.1719],
          [0.0000, 0.1016, 0.2969,  ..., 0.2969, 0.1328, 0.0000]],

         ...,

         [[0.0000, 0.0000, 0.0000,  ..., 0.0000, 0.0000, 0.0000],
          [0.0000, 0.0000, 0.3281,  ..., 0.5469, 0.0000, 0.0000],
          [0.0000, 0.3906, 1.4141,  ..., 1.5391, 0.3203, 0.0000],
          ...,
          [0.0000, 0.6094, 1.5625,  ..., 1.5859, 0.4766, 0.0000],
          [0.0000, 0.0000, 0.5312,  ..., 0.3203, 0.0000, 0.0000],
          [0.0000, 0.0000, 0.0000,  ..., 0.0000, 0.0000, 0.0000]],

         [[0.0000, 0.0000, 0.0000,  ..., 0.0000, 0.0000, 0.0000],
          [0.0000, 0.0000, 0.0469,  ..., 0.3125, 0.0000, 0.0000],
          [0.0000, 0.1484, 0.8281,  ..., 0.8984, 0.0000, 0.0000],
          ...,
          [0.0000, 0.3047, 0.7891,  ..., 0.9375, 0.0859, 0.0000],
          [0.0000, 0.0000, 0.0391,  ..., 0.0078, 0.0000, 0.0000],
          [0.0000, 0.0000, 0.0000,  ..., 0.0000, 0.0000, 0.0000]],

         [[0.0000, 0.0000, 0.0938,  ..., 0.2812, 0.0000, 0.0000],
          [0.0000, 0.2188, 0.6250,  ..., 0.8359, 0.3516, 0.0000],
          [0.1797, 0.8203, 1.3047,  ..., 1.3672, 0.5859, 0.0312],
          ...,
          [0.2812, 0.8750, 1.4609,  ..., 1.3906, 0.8594, 0.1094],
          [0.0000, 0.4219, 0.7969,  ..., 0.7031, 0.2734, 0.0000],
          [0.0000, 0.0000, 0.0078,  ..., 0.0391, 0.0000, 0.0000]]]],
       device='cuda:0', dtype=torch.float64, grad_fn=<ReluBackward0>)
4: tensor([[[[0.8203, 0.8203, 0.8203,  ..., 0.8203, 0.8203, 0.8203],
          [0.8203, 0.8203, 0.8203,  ..., 0.8203, 0.8203, 0.8203],
          [0.8203, 0.8203, 0.8203,  ..., 0.8203, 0.8203, 0.8203],
          ...,
          [0.8203, 0.8203, 0.8203,  ..., 0.8203, 0.8203, 0.8203],
          [0.8203, 0.8203, 0.8203,  ..., 0.8203, 0.8203, 0.8203],
          [0.8203, 0.8203, 0.8203,  ..., 0.8203, 0.8203, 0.8203]],

         [[0.2656, 0.2656, 0.2656,  ..., 0.2656, 0.2656, 0.2656],
          [0.2656, 0.2656, 0.2656,  ..., 0.2656, 0.2656, 0.2656],
          [0.2656, 0.2656, 0.2656,  ..., 0.2656, 0.2656, 0.2656],
          ...,
          [0.2656, 0.2656, 0.2656,  ..., 0.2656, 0.2656, 0.2656],
          [0.2656, 0.2656, 0.2656,  ..., 0.2656, 0.2656, 0.2656],
          [0.2656, 0.2656, 0.2656,  ..., 0.2656, 0.2656, 0.2656]],

         [[0.7500, 0.7500, 0.7500,  ..., 0.7500, 0.7500, 0.7500],
          [0.7500, 0.7500, 0.7500,  ..., 0.7500, 0.7500, 0.7500],
          [0.7500, 0.7500, 0.7500,  ..., 0.7500, 0.7500, 0.7500],
          ...,
          [0.7500, 0.7500, 0.7500,  ..., 0.7500, 0.7500, 0.7500],
          [0.7500, 0.7500, 0.7500,  ..., 0.7500, 0.7500, 0.7500],
          [0.7500, 0.7500, 0.7500,  ..., 0.7500, 0.7500, 0.7500]],

         ...,

         [[0.6328, 0.6328, 0.6328,  ..., 0.6328, 0.6328, 0.6328],
          [0.6328, 0.6328, 0.6328,  ..., 0.6328, 0.6328, 0.6328],
          [0.6328, 0.6328, 0.6328,  ..., 0.6328, 0.6328, 0.6328],
          ...,
          [0.6328, 0.6328, 0.6328,  ..., 0.6328, 0.6328, 0.6328],
          [0.6328, 0.6328, 0.6328,  ..., 0.6328, 0.6328, 0.6328],
          [0.6328, 0.6328, 0.6328,  ..., 0.6328, 0.6328, 0.6328]],

         [[0.4922, 0.4922, 0.4922,  ..., 0.4922, 0.4922, 0.4922],
          [0.4922, 0.4922, 0.4922,  ..., 0.4922, 0.4922, 0.4922],
          [0.4922, 0.4922, 0.4922,  ..., 0.4922, 0.4922, 0.4922],
          ...,
          [0.4922, 0.4922, 0.4922,  ..., 0.4922, 0.4922, 0.4922],
          [0.4922, 0.4922, 0.4922,  ..., 0.4922, 0.4922, 0.4922],
          [0.4922, 0.4922, 0.4922,  ..., 0.4922, 0.4922, 0.4922]],

         [[0.3672, 0.3672, 0.3672,  ..., 0.3672, 0.3672, 0.3672],
          [0.3672, 0.3672, 0.3672,  ..., 0.3672, 0.3672, 0.3672],
          [0.3672, 0.3672, 0.3672,  ..., 0.3672, 0.3672, 0.3672],
          ...,
          [0.3672, 0.3672, 0.3672,  ..., 0.3672, 0.3672, 0.3672],
          [0.3672, 0.3672, 0.3672,  ..., 0.3672, 0.3672, 0.3672],
          [0.3672, 0.3672, 0.3672,  ..., 0.3672, 0.3672, 0.3672]]]],
       device='cuda:0', dtype=torch.float64, grad_fn=<ReluBackward0>)
6: tensor([[[[0.0000, 0.3906, 0.6562,  ..., 0.7656, 0.3984, 0.0234],
          [0.4453, 1.0234, 1.3047,  ..., 1.3516, 0.8672, 0.3125],
          [0.7031, 1.3047, 1.6641,  ..., 1.6016, 1.0781, 0.4922],
          ...,
          [0.9609, 1.5469, 1.7812,  ..., 1.5000, 0.9453, 0.3906],
          [0.6094, 1.0703, 1.2422,  ..., 0.9375, 0.4844, 0.0625],
          [0.1250, 0.4766, 0.5547,  ..., 0.3516, 0.0391, 0.0000]],

         [[0.0000, 0.0000, 0.0000,  ..., 0.0000, 0.0000, 0.0000],
          [0.0000, 0.0000, 0.4375,  ..., 0.5859, 0.1484, 0.0000],
          [0.0000, 0.5781, 1.1328,  ..., 1.1406, 0.6094, 0.0000],
          ...,
          [0.1172, 0.9141, 1.3203,  ..., 1.0234, 0.4219, 0.0000],
          [0.0000, 0.6484, 1.0000,  ..., 0.6484, 0.1250, 0.0000],
          [0.0000, 0.1094, 0.3828,  ..., 0.0469, 0.0000, 0.0000]],

         [[0.0938, 0.1719, 0.2422,  ..., 0.2812, 0.2188, 0.1250],
          [0.1484, 0.2578, 0.3594,  ..., 0.3828, 0.3203, 0.1875],
          [0.2344, 0.3828, 0.4844,  ..., 0.4766, 0.4062, 0.2578],
          ...,
          [0.2891, 0.4531, 0.5156,  ..., 0.4531, 0.3750, 0.2344],
          [0.2422, 0.3906, 0.4375,  ..., 0.3750, 0.2969, 0.1797],
          [0.1094, 0.2109, 0.2578,  ..., 0.1875, 0.1406, 0.0781]],

         ...,

         [[0.0000, 0.0000, 0.0000,  ..., 0.0000, 0.0000, 0.0000],
          [0.0000, 0.0000, 0.2422,  ..., 0.2969, 0.1484, 0.0000],
          [0.0000, 0.2109, 0.5938,  ..., 0.5547, 0.3750, 0.0234],
          ...,
          [0.0000, 0.4219, 0.7109,  ..., 0.4922, 0.2812, 0.0000],
          [0.0000, 0.1719, 0.4219,  ..., 0.1719, 0.0000, 0.0000],
          [0.0000, 0.0000, 0.0000,  ..., 0.0000, 0.0000, 0.0000]],

         [[0.0000, 0.0000, 0.0000,  ..., 0.0781, 0.0000, 0.0000],
          [0.0000, 0.2422, 0.4297,  ..., 0.4766, 0.1797, 0.0000],
          [0.2578, 0.6016, 0.7734,  ..., 0.7422, 0.3906, 0.0000],
          ...,
          [0.4609, 0.7656, 0.8203,  ..., 0.6719, 0.2969, 0.0000],
          [0.2266, 0.5156, 0.5469,  ..., 0.3594, 0.0625, 0.0000],
          [0.0000, 0.0234, 0.0703,  ..., 0.0000, 0.0000, 0.0000]],

         [[0.0000, 0.0000, 0.4375,  ..., 0.6172, 0.3438, 0.0000],
          [0.0469, 0.6562, 1.2266,  ..., 1.3438, 0.9531, 0.2188],
          [0.5625, 1.2812, 1.8828,  ..., 1.8359, 1.3906, 0.5156],
          ...,
          [0.8672, 1.6094, 2.0469,  ..., 1.7188, 1.2109, 0.3672],
          [0.4922, 1.1484, 1.5000,  ..., 1.1250, 0.7109, 0.0078],
          [0.0469, 0.3672, 0.6406,  ..., 0.3281, 0.0703, 0.0000]]]],
       device='cuda:0', dtype=torch.float64, grad_fn=<ReluBackward0>)
torch.Size([1, 50176])
tensor([[56.6216, 56.5662, 56.8258,  ..., 56.6302, 56.8602, 56.5305]],
       device='cuda:0', dtype=torch.float64)
7: tensor([[0.8047, 0.9297, 0.9688,  ..., 0.8438, 0.7578, 0.8125]],
       device='cuda:0', dtype=torch.float64, grad_fn=<ReluBackward0>)
tensor([[3.5052, 3.5944, 3.5786,  ..., 3.5129, 3.5263, 3.5353]],
       device='cuda:0', dtype=torch.float64)
8: tensor([[0.0469, 0.0781, 0.0547,  ..., 0.0234, 0.0547, 0.0391]],
       device='cuda:0', dtype=torch.float64, grad_fn=<ReluBackward0>)
tensor([[0.5577, 0.5589, 0.5746, 0.5591, 0.5627, 0.5635, 0.5608, 0.5397, 0.5646,
         0.5781, 0.5604, 0.5557, 0.5752, 0.5629, 0.5730, 0.5539, 0.5595, 0.5590,
         0.5699, 0.5713, 0.5654, 0.5725, 0.5756, 0.5672, 0.5573, 0.5529, 0.5666,
         0.5667, 0.5690, 0.5520, 0.5636, 0.5683, 0.5582, 0.5605, 0.5673, 0.5728,
         0.5617, 0.5649, 0.5604, 0.5559, 0.5669, 0.5676, 0.5570, 0.5715, 0.5529,
         0.5567, 0.5572, 0.5537, 0.5482, 0.5840, 0.5661, 0.5811, 0.5603, 0.5795,
         0.5695, 0.5611, 0.5666, 0.5801, 0.5827, 0.5621, 0.5707, 0.5790, 0.5677,
         0.5678, 0.5647, 0.5646, 0.5745, 0.5769, 0.5655, 0.5828, 0.5683, 0.5656,
         0.5680, 0.5692, 0.5833, 0.5745, 0.5586, 0.5665, 0.5758, 0.5823, 0.5628,
         0.5739, 0.5613, 0.5729, 0.5566, 0.5553, 0.5658, 0.5797, 0.5476, 0.5728,
         0.5616, 0.5584, 0.5547, 0.5683, 0.5688, 0.5612, 0.5653, 0.5730, 0.5625,
         0.5666]], device='cuda:0', dtype=torch.float64)
9: tensor([[0.5234, 0.5312, 0.5469, 0.5234, 0.5312, 0.5312, 0.5391, 0.5156, 0.5391,
         0.5547, 0.5312, 0.5156, 0.5547, 0.5391, 0.5391, 0.5312, 0.5234, 0.5312,
         0.5391, 0.5469, 0.5391, 0.5547, 0.5547, 0.5391, 0.5312, 0.5312, 0.5391,
         0.5312, 0.5469, 0.5234, 0.5312, 0.5234, 0.5312, 0.5312, 0.5469, 0.5391,
         0.5312, 0.5312, 0.5391, 0.5312, 0.5391, 0.5469, 0.5312, 0.5391, 0.5312,
         0.5234, 0.5234, 0.5234, 0.5078, 0.5547, 0.5312, 0.5547, 0.5312, 0.5625,
         0.5391, 0.5391, 0.5469, 0.5547, 0.5625, 0.5469, 0.5391, 0.5469, 0.5312,
         0.5469, 0.5469, 0.5469, 0.5391, 0.5547, 0.5391, 0.5547, 0.5391, 0.5312,
         0.5469, 0.5391, 0.5625, 0.5469, 0.5234, 0.5469, 0.5469, 0.5625, 0.5312,
         0.5469, 0.5391, 0.5391, 0.5312, 0.5234, 0.5312, 0.5625, 0.5156, 0.5547,
         0.5312, 0.5312, 0.5156, 0.5312, 0.5391, 0.5234, 0.5391, 0.5547, 0.5469,
         0.5391]], device='cuda:0', dtype=torch.float64,
       grad_fn=<LinearQBackward>)
Total time taken: 0.1686105728149414 seconds.
tensor([[0.5234, 0.5312, 0.5469, 0.5234, 0.5312, 0.5312, 0.5391, 0.5156, 0.5391,
         0.5547, 0.5312, 0.5156, 0.5547, 0.5391, 0.5391, 0.5312, 0.5234, 0.5312,
         0.5391, 0.5469, 0.5391, 0.5547, 0.5547, 0.5391, 0.5312, 0.5312, 0.5391,
         0.5312, 0.5469, 0.5234, 0.5312, 0.5234, 0.5312, 0.5312, 0.5469, 0.5391,
         0.5312, 0.5312, 0.5391, 0.5312, 0.5391, 0.5469, 0.5312, 0.5391, 0.5312,
         0.5234, 0.5234, 0.5234, 0.5078, 0.5547, 0.5312, 0.5547, 0.5312, 0.5625,
         0.5391, 0.5391, 0.5469, 0.5547, 0.5625, 0.5469, 0.5391, 0.5469, 0.5312,
         0.5469, 0.5469, 0.5469, 0.5391, 0.5547, 0.5391, 0.5547, 0.5391, 0.5312,
         0.5469, 0.5391, 0.5625, 0.5469, 0.5234, 0.5469, 0.5469, 0.5625, 0.5312,
         0.5469, 0.5391, 0.5391, 0.5312, 0.5234, 0.5312, 0.5625, 0.5156, 0.5547,
         0.5312, 0.5312, 0.5156, 0.5312, 0.5391, 0.5234, 0.5391, 0.5547, 0.5469,
         0.5391]], device='cuda:0', dtype=torch.float64,
       grad_fn=<LinearQBackward>)
